(PrgmNode
	(ExprStmtNode (BinOpExprNode (BindingNode x (BoolTypeNode BOOL)) SET (BoolExprNode true BOOL) BOOL))
	(ExprStmtNode (BinOpExprNode (BindingNode y) SET (LValueExprNode (VarExprNode x BOOL) BOOL) BOOL)))
