(PrgmNode
	(ExprStmtNode (BinOpExprNode (BindingNode x (FunctionTypeNode (TypesNode (IntTypeNode INT) (IntTypeNode INT)) (IntTypeNode INT) ((INT, INT) -> INT))) SET (LambdaExprNode (BindingsNode (BindingNode a (IntTypeNode INT)) (BindingNode b (IntTypeNode INT))) (IntTypeNode INT) (ReturnStmtNode (BinOpExprNode (LValueExprNode (VarExprNode a INT) INT) ADD (LValueExprNode (VarExprNode b INT) INT) INT)) ((INT, INT) -> INT)) ((INT, INT) -> INT)))
	(ExprStmtNode (BinOpExprNode (BindingNode y) SET (LValueExprNode (VarExprNode x ((INT, INT) -> INT)) ((INT, INT) -> INT)) ((INT, INT) -> INT))))
