(PrgmNode
	(ExprStmtNode (BinOpExprNode (BindingNode x) SET (BinOpExprNode (IntExprNode 3 INT) LESSER_EQUAL (FloatExprNode 4.400000 FLOAT) BOOL) BOOL)))
