(PrgmNode
	(ExprStmtNode (BinOpExprNode (BindingNode x) SET (BinOpExprNode (StringExpressionNode (StringNode (StringExprsNode (StringExpressionNode (StringNode 'hi') STRING))) STRING) GREATER_EQUAL (StringExpressionNode (StringNode (StringExprsNode (StringExpressionNode (StringNode 'there') STRING))) STRING) BOOL) BOOL)))
