(PrgmNode
	(ExprStmtNode (BinOpExprNode (BindingNode x) SET (BinOpExprNode (FloatExprNode 1.100000 FLOAT) NOT_EQUAL (IntExprNode 2 INT) BOOL) BOOL)))
