(PrgmNode
	(ExprStmtNode (BinOpExprNode (BindingNode x) SET (BinOpExprNode (FloatExprNode 1.200000 FLOAT) MODULO (FloatExprNode 2.300000 FLOAT) FLOAT) FLOAT)))
