(PrgmNode
	(ExprStmtNode (BinOpExprNode (BindingNode x) SET (BinOpExprNode (IntExprNode 1 INT) EXPONENTIATE (FloatExprNode 2.300000 FLOAT) FLOAT) FLOAT)))
