(PrgmNode
	(ExprStmtNode (BinOpExprNode (BindingNode a) SET (IntExprNode 1 INT) INT))
	(ExprStmtNode (BinOpExprNode (BindingNode x) SET (CallExprNode (LValueExprNode (VarExprNode parseBool (fn (INT) -> BOOL)) (fn (INT) -> BOOL)) (ExprsNode (IntExprNode 1 INT)) BOOL) BOOL))
	(ExprStmtNode (BinOpExprNode (BindingNode x) SET (CallExprNode (LValueExprNode (VarExprNode parseBool (fn (FLOAT) -> BOOL)) (fn (FLOAT) -> BOOL)) (ExprsNode (FloatExprNode 3.000000 FLOAT)) BOOL) BOOL))
	(ExprStmtNode (BinOpExprNode (BindingNode x) SET (CallExprNode (LValueExprNode (VarExprNode parseBool (fn (BOOL) -> BOOL)) (fn (BOOL) -> BOOL)) (ExprsNode (BoolExprNode true BOOL)) BOOL) BOOL))
	(ExprStmtNode (BinOpExprNode (BindingNode x) SET (CallExprNode (LValueExprNode (VarExprNode parseBool (fn (STRING) -> BOOL)) (fn (STRING) -> BOOL)) (ExprsNode (StringExpressionNode (StringNode (StringExprsNode (StringExpressionNode (StringNode 'true') STRING))) STRING)) BOOL) BOOL))
	(ExprStmtNode (BinOpExprNode (BindingNode x) SET (CallExprNode (LValueExprNode (VarExprNode parseBool (fn (INT) -> BOOL)) (fn (INT) -> BOOL)) (ExprsNode (IndexExprNode (TupleExprNode (ExprsNode (FloatExprNode 1.000000 FLOAT) (BoolExprNode true BOOL) (IntExprNode 3 INT)) (FLOAT, BOOL, INT)) (LValueExprNode (VarExprNode a INT) INT))) BOOL) BOOL)))
