(PrgmNode
	(ExprStmtNode (BinOpExprNode (BindingNode a) SET (IntExprNode 1 INT) INT))
	(ExprStmtNode (BinOpExprNode (BindingNode x) SET (ApiCallExprNode (StringExpressionNode (StringNode (StringExprsNode (StringExpressionNode (StringNode 'hi') STRING))) STRING) substring (ExprsNode (StringExpressionNode (StringNode (StringExprsNode (StringExpressionNode (StringNode 'hi') STRING))) STRING) (IntExprNode 1 INT)) STRING) STRING))
	(ExprStmtNode (BinOpExprNode (BindingNode x) SET (ApiCallExprNode (StringExpressionNode (StringNode (StringExprsNode (StringExpressionNode (StringNode 'hi') STRING))) STRING) substring (ExprsNode (StringExpressionNode (StringNode (StringExprsNode (StringExpressionNode (StringNode 'hi') STRING))) STRING) (IntExprNode 1 INT) (IntExprNode 2 INT)) STRING) STRING))
	(ExprStmtNode (BinOpExprNode (BindingNode x) SET (ApiCallExprNode (IndexExprNode (TupleExprNode (ExprsNode (FloatExprNode 1.000000 FLOAT) (BoolExprNode true BOOL) (IntExprNode 3 INT)) (FLOAT, BOOL, INT)) (LValueExprNode (VarExprNode a INT) INT)) substring (ExprsNode (IndexExprNode (TupleExprNode (ExprsNode (FloatExprNode 1.000000 FLOAT) (BoolExprNode true BOOL) (IntExprNode 3 INT)) (FLOAT, BOOL, INT)) (LValueExprNode (VarExprNode a INT) INT)) (IntExprNode 1 INT)) STRING) STRING))
	(ExprStmtNode (BinOpExprNode (BindingNode x) SET (ApiCallExprNode (IndexExprNode (TupleExprNode (ExprsNode (FloatExprNode 1.000000 FLOAT) (BoolExprNode true BOOL) (IntExprNode 3 INT)) (FLOAT, BOOL, INT)) (LValueExprNode (VarExprNode a INT) INT)) substring (ExprsNode (IndexExprNode (TupleExprNode (ExprsNode (FloatExprNode 1.000000 FLOAT) (BoolExprNode true BOOL) (IntExprNode 3 INT)) (FLOAT, BOOL, INT)) (LValueExprNode (VarExprNode a INT) INT)) (IntExprNode 1 INT) (IntExprNode 2 INT)) STRING) STRING))
	(ExprStmtNode (BinOpExprNode (BindingNode x) SET (ApiCallExprNode (StringExpressionNode (StringNode (StringExprsNode (StringExpressionNode (StringNode 'hi') STRING))) STRING) substring (ExprsNode (StringExpressionNode (StringNode (StringExprsNode (StringExpressionNode (StringNode 'hi') STRING))) STRING) (IndexExprNode (TupleExprNode (ExprsNode (FloatExprNode 1.000000 FLOAT) (BoolExprNode true BOOL) (IntExprNode 3 INT)) (FLOAT, BOOL, INT)) (LValueExprNode (VarExprNode a INT) INT))) STRING) STRING))
	(ExprStmtNode (BinOpExprNode (BindingNode x) SET (ApiCallExprNode (StringExpressionNode (StringNode (StringExprsNode (StringExpressionNode (StringNode 'hi') STRING))) STRING) substring (ExprsNode (StringExpressionNode (StringNode (StringExprsNode (StringExpressionNode (StringNode 'hi') STRING))) STRING) (IndexExprNode (TupleExprNode (ExprsNode (FloatExprNode 1.000000 FLOAT) (BoolExprNode true BOOL) (IntExprNode 3 INT)) (FLOAT, BOOL, INT)) (LValueExprNode (VarExprNode a INT) INT)) (IndexExprNode (TupleExprNode (ExprsNode (FloatExprNode 1.000000 FLOAT) (BoolExprNode true BOOL) (IntExprNode 3 INT)) (FLOAT, BOOL, INT)) (LValueExprNode (VarExprNode a INT) INT))) STRING) STRING)))
