CMDSTRINGVAL 'echo' 2:1
STRINGVAL '"' 2:6
STRINGLITERAL 'Hello World!' 2:7
ENDSTRINGVAL '"' 2:19
SEMICOLON ';' 2:20
END_OF_FILE 2:21
