IF 'if' 2:1
LPAREN '(' 2:3
TRUE 'true' 2:4
RPAREN ')' 2:8
LCURLY '{' 2:9
RCURLY '}' 3:1
ELSE 'else' 3:3
IF 'if' 3:8
LPAREN '(' 3:10
TRUE 'true' 3:11
RPAREN ')' 3:15
LCURLY '{' 3:16
RCURLY '}' 4:1
ELSE 'else' 4:3
LCURLY '{' 4:8
RCURLY '}' 5:1
END_OF_FILE 6:1
