VARIABLE 'a' 2:1
EQUALS '=' 2:3
STRINGVAL ''' 2:5
STRINGLITERAL 'Hi there bob' 2:6
ENDSTRINGVAL ''' 4:4
SEMICOLON ';' 4:5
END_OF_FILE 4:6
