PRINT 'print' 2:1
STRINGVAL 2:7
[
STRINGLITERAL 'Hello' 2:8
]
SEMICOLON ';' 2:14
END_OF_FILE 3:1
