PRINT 'print' 2:1
STRINGVAL '"' 2:7
STRINGLITERAL 'Output: ' 2:9
BACKTICK '`' 2:18
CMDSTRINGVAL 'cat' 2:19
CMDSTRINGVAL 'myfile.txt' 2:23
BACKTICK '`' 2:33
LSQUARE '[' 2:34
INTVAL '0' 2:35
RSQUARE ']' 2:36
STRINGLITERAL '!' 2:38
ENDSTRINGVAL '"' 2:39
SEMICOLON ';' 2:40
END_OF_FILE 2:41
