STRINGVAL 2:1
[
STRINGLITERAL 'x\yz' 2:2
]
SEMICOLON ';' 2:7
END_OF_FILE 2:8
