BREAK 'break' 1:1
SEMICOLON ';' 1:9
END_OF_FILE 1:10