FN 'fn' 2:1
VARIABLE 'hello' 2:4
LPAREN '(' 2:9
VARIABLE 'a' 2:10
COMMA ',' 2:11
VARIABLE 'b' 2:13
RPAREN ')' 2:14
CMDSTRINGVAL 'echo' 2:16
CMDSTRINGVAL 'hi' 2:21
SEMICOLON ';' 2:23
END_OF_FILE 2:24
