(PrgmNode
	(ExprStmtNode (BinOpExprNode (BindingNode isTuple) SET (TupleExprNode (ExprsNode (IntExprNode 1) (BoolExprNode true) (StringExpressionNode (StringNode (StringExprsNode (StringExpressionNode (StringNode 'hello'))))))))))
