(PrgmNode
	(ExprStmtNode (BinOpExprNode (BindingNode nada) SET (LambdaExprNode (BindingsNode (BindingNode x) (BindingNode y)) (IntTypeNode) (ScopeStmtNode (StmtsNode
	(ReturnStmtNode (BinOpExprNode (LValueExprNode (VarExprNode x)) ADD (LValueExprNode (VarExprNode y))))))))))
