(PrgmNode
	(ExprStmtNode (BinOpExprNode (BindingNode x) SET (LValueExprNode (IndexExprNode (IndexExprNode (IndexExprNode (IndexExprNode (VarExprNode x) (IntExprNode 1)) (LValueExprNode (IndexExprNode (IndexExprNode (VarExprNode x) (IntExprNode 1)) (LValueExprNode (IndexExprNode (VarExprNode x) (IntExprNode 1)))))) (IntExprNode 1)) (LValueExprNode (IndexExprNode (VarExprNode x) (IntExprNode 1))))))))
