(PrgmNode
	(ExprStmtNode (BinOpExprNode (IdentVariableNode x) ADD_SET (BinOpExprNode (VarExprNode (IdentVariableNode x)) ADD (BinOpExprNode (VarExprNode (IdentVariableNode x)) ADD (BinOpExprNode (VarExprNode (IdentVariableNode x)) ADD (VarExprNode (IdentVariableNode x))))))))
