(PrgmNode
	(ExprStmtNode (BinOpExprNode (VarLValueNode x) SUBTRACT_SET (BinOpExprNode (VarLValueNode a) SUBTRACT (UnOpExprNode (VarLValueNode b) NEGATE)))))
