(PrgmNode
	(ExprStmtNode (BinOpExprNode (BindingNode x) SET (BinOpExprNode (LValueExprNode (VarExprNode a)) NOT_EQUAL (UnOpExprNode (LValueExprNode (VarExprNode a)) NOT)))))
