(PrgmNode
	(ExprStmtNode (BinOpExprNode (IdentVariableNode x) SET (BinOpExprNode (VarExprNode (IdentVariableNode a)) AND (BinOpExprNode (VarExprNode (IdentVariableNode b)) AND (BinOpExprNode (VarExprNode (IdentVariableNode c)) AND (VarExprNode (IdentVariableNode d))))))))
