(PrgmNode
	(CmdStmtNode (CmdCmdNode (IdentVariableNode myVar) (StringNode "-l"))))
