(PrgmNode
	(ExprStmtNode (BinOpExprNode (BindingNode x) SET (CmdExprNode (BasicCmdNode (StringNode 'cd') (StringNode '../tmp/hello'))))))
