CMDSTRINGVAL 'echo'
STRINGVAL
[
STRINGLITERAL 'Hello World!'
]
SEMICOLON ';'
END_OF_FILE
