VARIABLE 'five'
EQUALS '='
INTVAL '5'
SEMICOLON ';'
CMDSTRINGVAL 'echo'
STRINGVAL
[
STRINGLITERAL '2 + 3 = '
VARIABLE 'five'
]
SEMICOLON ';'
END_OF_FILE
