CMDSTRING 'echo'
STRINGVAL
[
STRING_LITERAL 'int float bool string array tuple funciton echo "Hello, World!"
        length() [] () &  | alias = const while do for if else + - / %  ** += -=
        /= %= **= "UT" + "AH" ${} (x) -> {return 0;} scan read \\ // ln'
]
SEMICOLON ';'
END_OF_FILE