CONST 'const'
VARIABLE '_abc123_'
EQUALS '='
STRINGVAL
[
STRINGLITERAL '_abc123_'
]
SEMICOLON ';'
END_OF_FILE
