DO 'do'
LCURLY '{'
RCURLY '}'
WHILE 'while'
LPAREN '('
TRUE 'true'
RPAREN ')'
SEMICOLON ';'
END_OF_FILE
